// Jest Snapshot v1, https://goo.gl/fbAQLP

exports[`Should render ExpenseListItem correctly 1`] = `
<div>
  <Link
    replace={false}
    to="/edit/1"
  >
    Gum
     
  </Link>
  <p>
    1.95â‚¬
    , 
    01.01.1970
  </p>
</div>
`;
